20:26:46.841 +   0.028s  python=3.14.4 plataforma=win32 modo=salvar
20:26:46.842 +   0.029s  dll_path=C:\DLLs\Win64\ProfitDLL.dll existe=True versao=4.0.0.42
20:26:46.843 +   0.030s  credenciais: key=34***************** user=di********************** senha=St********
20:26:47.053 +   0.240s  chamando DLLInitializeMarketLogin...
20:26:47.234 +   0.422s  DLLInitializeMarketLogin retornou 0 = NL_OK
20:26:47.235 +   0.422s  esperando MARKET_DATA conectado (ate' 30.0s)...
20:26:47.981 +   1.168s  CALLBACK state: tipo=3 (ATIVACAO) valor=0
20:26:47.997 +   1.184s  CALLBACK state: tipo=0 (LOGIN) valor=0
20:26:48.254 +   1.441s  CALLBACK state: tipo=2 (MARKET_DATA) valor=1
20:26:48.281 +   1.469s  CALLBACK state: tipo=2 (MARKET_DATA) valor=2
20:26:48.282 +   1.469s  conectado: login_ok=True market_ok=True
20:26:48.965 +   2.152s  CALLBACK state: tipo=2 (MARKET_DATA) valor=4
20:26:49.291 +   2.478s  modo SALVAR: WINFUT de 18/09/2026 a 19/09/2026 (1 dia(s) uteis) -> c:\projetos\profit-tape\data\raw
20:26:49.325 +   2.512s  SubscribeTicker(WINFUT,F) retornou 0 = NL_OK
20:26:50.326 +   3.513s  --- PRIMING (descartado) GetHistoryTrades('WINFUT', 'F', '18/09/2026 09:00:00', '18/09/2026 18:35:00') ---
20:26:50.328 +   3.515s  priming retornou 0 = NL_OK
20:26:50.354 +   3.541s  CALLBACK progress: ticker=WINFUT progresso=0
20:26:50.355 +   3.542s  CALLBACK progress: ticker=WINFUT progresso=88
20:26:50.413 +   3.600s  CALLBACK progress: ticker=WINFUT progresso=89
20:26:50.515 +   3.702s  CALLBACK progress: ticker=WINFUT progresso=90
20:26:50.624 +   3.811s  CALLBACK progress: ticker=WINFUT progresso=91
20:26:50.690 +   3.877s  CALLBACK progress: ticker=WINFUT progresso=92
20:26:50.765 +   3.952s  CALLBACK progress: ticker=WINFUT progresso=93
20:26:50.856 +   4.043s  CALLBACK progress: ticker=WINFUT progresso=94
20:26:50.934 +   4.121s  CALLBACK progress: ticker=WINFUT progresso=95
20:26:51.012 +   4.199s  CALLBACK progress: ticker=WINFUT progresso=96
20:26:51.074 +   4.261s  CALLBACK progress: ticker=WINFUT progresso=97
20:26:51.116 +   4.303s  CALLBACK progress: ticker=WINFUT progresso=98
20:26:51.119 +   4.306s  CALLBACK progress: ticker=WINFUT progresso=99
20:26:51.122 +   4.309s  CALLBACK progress: ticker=WINFUT progresso=99
20:26:52.634 +   5.821s  CALLBACK progress: ticker=WINFUT progresso=99
20:26:53.700 +   6.887s  CALLBACK progress: ticker=WINFUT progresso=99
20:26:55.367 +   8.554s  CALLBACK progress: ticker=WINFUT progresso=99
20:26:56.914 +  10.101s  CALLBACK progress: ticker=WINFUT progresso=99
20:26:58.144 +  11.331s  CALLBACK progress: ticker=WINFUT progresso=99
20:26:59.501 +  12.688s  CALLBACK progress: ticker=WINFUT progresso=99
20:27:00.883 +  14.070s  CALLBACK progress: ticker=WINFUT progresso=99
20:27:02.176 +  15.363s  CALLBACK progress: ticker=WINFUT progresso=99
20:27:03.663 +  16.850s  CALLBACK progress: ticker=WINFUT progresso=99
20:27:06.192 +  19.379s  CALLBACK progress: ticker=WINFUT progresso=99
20:27:09.107 +  22.294s  CALLBACK progress: ticker=WINFUT progresso=99
20:27:13.061 +  26.248s  CALLBACK progress: ticker=WINFUT progresso=99
20:27:15.256 +  28.443s  CALLBACK progress: ticker=WINFUT progresso=99
20:27:17.695 +  30.882s  CALLBACK progress: ticker=WINFUT progresso=99
20:27:19.731 +  32.918s  CALLBACK progress: ticker=WINFUT progresso=99
20:27:21.758 +  34.945s  CALLBACK progress: ticker=WINFUT progresso=99
20:27:24.221 +  37.408s  CALLBACK progress: ticker=WINFUT progresso=99
20:27:25.857 +  39.044s  CALLBACK progress: ticker=WINFUT progresso=99
20:27:28.779 +  41.966s  CALLBACK progress: ticker=WINFUT progresso=99
20:27:31.392 +  44.579s  CALLBACK progress: ticker=WINFUT progresso=99
20:27:33.396 +  46.583s  CALLBACK progress: ticker=WINFUT progresso=99
20:27:34.803 +  47.990s  CALLBACK progress: ticker=WINFUT progresso=99
20:27:36.130 +  49.317s  CALLBACK progress: ticker=WINFUT progresso=99
20:27:37.562 +  50.749s  CALLBACK progress: ticker=WINFUT progresso=99
20:27:39.285 +  52.472s  CALLBACK progress: ticker=WINFUT progresso=99
20:27:41.265 +  54.452s  CALLBACK progress: ticker=WINFUT progresso=99
20:27:43.832 +  57.019s  CALLBACK progress: ticker=WINFUT progresso=99
20:27:45.615 +  58.802s  CALLBACK progress: ticker=WINFUT progresso=99
20:27:47.686 +  60.874s  CALLBACK progress: ticker=WINFUT progresso=99
20:27:50.009 +  63.196s  CALLBACK progress: ticker=WINFUT progresso=99
20:27:51.955 +  65.142s  CALLBACK progress: ticker=WINFUT progresso=99
20:27:53.433 +  66.620s  CALLBACK progress: ticker=WINFUT progresso=99
20:27:55.029 +  68.217s  CALLBACK progress: ticker=WINFUT progresso=99
20:27:56.607 +  69.794s  CALLBACK progress: ticker=WINFUT progresso=99
20:27:57.962 +  71.150s  CALLBACK progress: ticker=WINFUT progresso=99
20:27:59.474 +  72.661s  CALLBACK progress: ticker=WINFUT progresso=99
20:28:00.846 +  74.033s  CALLBACK progress: ticker=WINFUT progresso=99
20:28:02.203 +  75.390s  CALLBACK progress: ticker=WINFUT progresso=99
20:28:03.609 +  76.797s  CALLBACK progress: ticker=WINFUT progresso=99
20:28:05.037 +  78.224s  CALLBACK progress: ticker=WINFUT progresso=99
20:28:06.649 +  79.836s  CALLBACK progress: ticker=WINFUT progresso=99
20:28:08.096 +  81.283s  CALLBACK progress: ticker=WINFUT progresso=99
20:28:09.367 +  82.554s  CALLBACK progress: ticker=WINFUT progresso=99
20:28:10.890 +  84.077s  CALLBACK progress: ticker=WINFUT progresso=99
20:28:12.440 +  85.627s  CALLBACK progress: ticker=WINFUT progresso=99
20:28:13.952 +  87.139s  CALLBACK progress: ticker=WINFUT progresso=99
20:28:15.533 +  88.720s  CALLBACK progress: ticker=WINFUT progresso=99
20:28:17.292 +  90.479s  CALLBACK progress: ticker=WINFUT progresso=99
20:28:17.908 +  91.095s  CALLBACK progress: ticker=WINFUT progresso=99
20:28:18.007 +  91.194s  CALLBACK history #1: ticker=WINFUT data=18/09/2026 09:03:01.874 num=10 preco=187905.0 qtd=500 tipo=4
20:28:18.008 +  91.195s  CALLBACK history #2: ticker=WINFUT data=18/09/2026 09:03:01.874 num=20 preco=187905.0 qtd=500 tipo=4
20:28:18.011 +  91.199s  CALLBACK history #3: ticker=WINFUT data=18/09/2026 09:03:01.874 num=30 preco=187905.0 qtd=490 tipo=4
20:28:18.012 +  91.199s  CALLBACK history #4: ticker=WINFUT data=18/09/2026 09:03:01.874 num=40 preco=187905.0 qtd=510 tipo=4
20:28:18.012 +  91.199s  CALLBACK history #5: ticker=WINFUT data=18/09/2026 09:03:01.874 num=50 preco=187905.0 qtd=1490 tipo=4
20:28:57.184 + 130.371s  CALLBACK progress: ticker=WINFUT progresso=100
20:29:07.403 + 140.590s  priming concluido: ok
20:29:07.403 + 140.590s  --- GetHistoryTrades('WINFUT', 'F', '18/09/2026 09:00:00', '18/09/2026 18:35:00') ---
20:29:07.406 + 140.593s  GetHistoryTrades retornou 0 = NL_OK em 0.9 ms
20:29:07.407 + 140.594s  CALLBACK progress: ticker=WINFUT progresso=0
20:29:07.437 + 140.624s  CALLBACK progress: ticker=WINFUT progresso=88
20:29:07.459 + 140.646s  CALLBACK progress: ticker=WINFUT progresso=89
20:29:07.524 + 140.711s  CALLBACK progress: ticker=WINFUT progresso=90
20:29:07.590 + 140.777s  CALLBACK progress: ticker=WINFUT progresso=91
20:29:07.630 + 140.817s  CALLBACK progress: ticker=WINFUT progresso=92
20:29:07.667 + 140.854s  CALLBACK progress: ticker=WINFUT progresso=93
20:29:07.720 + 140.907s  CALLBACK progress: ticker=WINFUT progresso=94
20:29:07.761 + 140.948s  CALLBACK progress: ticker=WINFUT progresso=95
20:29:07.822 + 141.009s  CALLBACK progress: ticker=WINFUT progresso=96
20:29:07.897 + 141.084s  CALLBACK progress: ticker=WINFUT progresso=97
20:29:07.939 + 141.126s  CALLBACK progress: ticker=WINFUT progresso=98
20:29:07.942 + 141.129s  CALLBACK progress: ticker=WINFUT progresso=99
20:29:07.949 + 141.136s  CALLBACK progress: ticker=WINFUT progresso=99
20:29:09.094 + 142.281s  CALLBACK progress: ticker=WINFUT progresso=99
20:29:10.403 + 143.591s  CALLBACK progress: ticker=WINFUT progresso=99
20:29:11.979 + 145.166s  CALLBACK progress: ticker=WINFUT progresso=99
20:29:13.431 + 146.618s  CALLBACK progress: ticker=WINFUT progresso=99
20:29:14.895 + 148.082s  CALLBACK progress: ticker=WINFUT progresso=99
20:29:16.357 + 149.544s  CALLBACK progress: ticker=WINFUT progresso=99
20:29:17.722 + 150.909s  CALLBACK progress: ticker=WINFUT progresso=99
20:29:19.347 + 152.534s  CALLBACK progress: ticker=WINFUT progresso=99
20:29:21.010 + 154.197s  CALLBACK progress: ticker=WINFUT progresso=99
20:29:22.825 + 156.012s  CALLBACK progress: ticker=WINFUT progresso=99
20:29:24.589 + 157.777s  CALLBACK progress: ticker=WINFUT progresso=99
20:29:26.436 + 159.623s  CALLBACK progress: ticker=WINFUT progresso=99
20:29:27.912 + 161.099s  CALLBACK progress: ticker=WINFUT progresso=99
20:29:29.676 + 162.863s  CALLBACK progress: ticker=WINFUT progresso=99
20:29:31.175 + 164.363s  CALLBACK progress: ticker=WINFUT progresso=99
20:29:33.082 + 166.270s  CALLBACK progress: ticker=WINFUT progresso=99
20:29:35.094 + 168.282s  CALLBACK progress: ticker=WINFUT progresso=99
20:29:36.926 + 170.113s  CALLBACK progress: ticker=WINFUT progresso=99
20:29:38.927 + 172.114s  CALLBACK progress: ticker=WINFUT progresso=99
20:29:40.953 + 174.140s  CALLBACK progress: ticker=WINFUT progresso=99
20:29:42.691 + 175.878s  CALLBACK progress: ticker=WINFUT progresso=99
20:29:44.232 + 177.420s  CALLBACK progress: ticker=WINFUT progresso=99
20:29:45.701 + 178.888s  CALLBACK progress: ticker=WINFUT progresso=99
20:29:47.345 + 180.532s  CALLBACK progress: ticker=WINFUT progresso=99
20:29:48.938 + 182.125s  CALLBACK progress: ticker=WINFUT progresso=99
20:29:50.514 + 183.701s  CALLBACK progress: ticker=WINFUT progresso=99
20:29:52.206 + 185.393s  CALLBACK progress: ticker=WINFUT progresso=99
20:29:53.878 + 187.065s  CALLBACK progress: ticker=WINFUT progresso=99
20:29:55.453 + 188.640s  CALLBACK progress: ticker=WINFUT progresso=99
20:29:57.075 + 190.262s  CALLBACK progress: ticker=WINFUT progresso=99
20:29:58.746 + 191.933s  CALLBACK progress: ticker=WINFUT progresso=99
20:30:00.411 + 193.598s  CALLBACK progress: ticker=WINFUT progresso=99
20:30:01.807 + 194.994s  CALLBACK progress: ticker=WINFUT progresso=99
20:30:03.319 + 196.506s  CALLBACK progress: ticker=WINFUT progresso=99
20:30:04.854 + 198.041s  CALLBACK progress: ticker=WINFUT progresso=99
20:30:06.122 + 199.309s  CALLBACK progress: ticker=WINFUT progresso=99
20:30:07.515 + 200.702s  CALLBACK progress: ticker=WINFUT progresso=99
20:30:08.947 + 202.134s  CALLBACK progress: ticker=WINFUT progresso=99
20:30:10.424 + 203.611s  CALLBACK progress: ticker=WINFUT progresso=99
20:30:12.067 + 205.254s  CALLBACK progress: ticker=WINFUT progresso=99
20:30:13.584 + 206.771s  CALLBACK progress: ticker=WINFUT progresso=99
20:30:15.158 + 208.345s  CALLBACK progress: ticker=WINFUT progresso=99
20:30:17.015 + 210.202s  CALLBACK progress: ticker=WINFUT progresso=99
20:30:18.312 + 211.500s  CALLBACK progress: ticker=WINFUT progresso=99
20:30:20.027 + 213.214s  CALLBACK progress: ticker=WINFUT progresso=99
20:30:21.473 + 214.661s  CALLBACK progress: ticker=WINFUT progresso=99
20:30:23.082 + 216.269s  CALLBACK progress: ticker=WINFUT progresso=99
20:30:24.724 + 217.911s  CALLBACK progress: ticker=WINFUT progresso=99
20:30:25.256 + 218.443s  CALLBACK progress: ticker=WINFUT progresso=99
20:30:59.659 + 252.846s  CALLBACK progress: ticker=WINFUT progresso=100
20:31:06.863 + 260.050s  CALLBACK state: tipo=2 (MARKET_DATA) valor=0
20:31:06.878 + 260.065s  CALLBACK state: tipo=2 (MARKET_DATA) valor=1
20:31:06.920 + 260.108s  CALLBACK state: tipo=2 (MARKET_DATA) valor=2
20:31:07.593 + 260.780s  CALLBACK state: tipo=2 (MARKET_DATA) valor=4
20:31:09.876 + 263.063s  RESULTADO 18/09/2026: negocios=5051438 terminou_por=ok
20:31:11.650 + 264.837s  CALLBACK state: tipo=0 (LOGIN) valor=0
20:31:26.935 + 280.122s  salvo: c:\projetos\profit-tape\data\raw\trade\dt=2026-09-18\sym=WINFUT\part-0001.parquet (5051438 negocios)
20:31:27.213 + 280.400s  dia 18/09/2026 -> c:\projetos\profit-tape\data\raw\trade\dt=2026-09-18\sym=WINFUT\part-0001.parquet
20:31:27.213 + 280.400s  ======================================================================
20:31:27.215 + 280.402s  CONCLUIDO. Proximo passo: profit-tape curate --de 2026-09-18 --ate 2026-09-19 (raiz=c:\projetos\profit-tape\data\raw)
20:31:27.217 + 280.404s  CALLBACK state: tipo=0 (LOGIN) valor=1
20:31:27.217 + 280.404s  CALLBACK state: tipo=1 (ROTEAMENTO) valor=0
20:31:27.217 + 280.405s  CALLBACK state: tipo=2 (MARKET_DATA) valor=0
20:31:27.217 + 280.405s  CALLBACK state: tipo=3 (ATIVACAO) valor=1
20:31:27.859 + 281.046s  DLLFinalize retornou 0
20:31:27.860 + 281.047s  log gravado em diagnostico_historico_20260921_202646.log
